// Jest Snapshot v1, https://goo.gl/fbAQLP

exports[`Post renders correctly 1`] = `
<div>
  <div>
    <div>
      <span>
        <span>
          <a
            href="/"
          >
            Rick 
            <span>
              van Lieshout
            </span>
          </a>
        </span>
      </span>
      <span>
        <a
          href="/"
          style={
            Object {
              "lineHeight": "50px",
              "marginRight": "10px",
            }
          }
        >
          ↩ All articles
        </a>
      </span>
    </div>
    <div>
      <h1>
        Perfecting the Art of Perfection
      </h1>
      <div
        dangerouslySetInnerHTML={
          Object {
            "__html": "<p>An Essay on Typography by Eric Gill takes the reader back to the year 1930. The year when a conflict between two worlds came to its term. The machines of the industrial world finally took over the handicrafts.</p>",
          }
        }
      />
    </div>
  </div>
  <div>
    <div>
      <p>
        Published
         
        Sep 1, 2016
      </p>
    </div>
    <div>
      <p>
        Written by: 
        <a
          href="/pages/about"
        >
          <strong>
            Rick van Lieshout
          </strong>
        </a>
      </p>
    </div>
  </div>
  <div />
</div>
`;
