// Jest Snapshot v1, https://goo.gl/fbAQLP

exports[`Author renders correctly 1`] = `
<div>
  <p>
    Written by:
     
    <a
      href="/pages/about/"
    >
      <strong>
        Rick van Lieshout
      </strong>
    </a>
    <span
      className="showInPrintView"
    >
       
      @ http://localhost/
    </span>
  </p>
</div>
`;
