// Jest Snapshot v1, https://jestjs.io/docs/snapshot-testing

exports[`Tags renders correctly 1`] = `
<div
  className="undefined hideInPrintView"
>
  <ul>
    <li>
      <a
        href="/handwriting"
      >
        Handwriting
      </a>
    </li>
    <li>
      <a
        href="/helvetica"
      >
        Helvetica
      </a>
    </li>
  </ul>
</div>
`;
